[2026-09-20 12:25:12] [INFO] [climora:download_data.py:23] === Starting CLIMORA AI Data Ingestion (offline=False, verify_only=False) ===
[2026-09-20 12:25:12] [INFO] [climora:nasa_giss.py:37] Fetching NASA GISTEMP from network: https://data.giss.nasa.gov/gistemp/tabledata_v4/GLB.Ts+dSST.csv
[2026-09-20 12:25:33] [ERROR] [climora:download_data.py:33] Failed to process NASA GISTEMP: <urlopen error [WinError 10060] A connection attempt failed because the connected party did not properly respond after a period of time, or established connection failed because connected host has failed to respond>
[2026-09-20 12:25:33] [INFO] [climora:noaa_gml.py:36] Fetching NOAA CO2 from network: https://gml.noaa.gov/webdata/ccgg/trends/co2/co2_mm_mlo.csv
[2026-09-20 12:25:34] [INFO] [climora:manifest.py:33] Manifest updated at C:\Users\Admin\Downloads\CLIMORA\data\manifest.json
[2026-09-20 12:25:34] [INFO] [climora:ersst_nino.py:35] Fetching CPC ERSST Nino from network: https://www.cpc.ncep.noaa.gov/data/indices/ersst5.nino.mth.91-20.ascii
[2026-09-20 12:25:36] [INFO] [climora:manifest.py:33] Manifest updated at C:\Users\Admin\Downloads\CLIMORA\data\manifest.json
[2026-09-20 12:25:36] [INFO] [climora:geojson.py:42] Fetching GeoJSON 110m from network: https://raw.githubusercontent.com/nvkelso/natural-earth-vector/master/geojson/ne_110m_admin_0_countries.geojson
[2026-09-20 12:25:37] [INFO] [climora:manifest.py:33] Manifest updated at C:\Users\Admin\Downloads\CLIMORA\data\manifest.json
[2026-09-20 12:25:37] [INFO] [climora:open_meteo.py:70] Fetching Open-Meteo station 'Chennai' from network: https://archive-api.open-meteo.com/v1/archive?latitude=13.0827&longitude=80.2707&start_date=2020-01-01&end_date=2020-12-31&daily=temperature_2m_max%2Ctemperature_2m_min%2Cprecipitation_sum%2Crelative_humidity_2m_mean%2Ccloud_cover_mean%2Csoil_temperature_0_to_7cm_mean%2Cshortwave_radiation_sum%2Cet0_fao_evapotranspiration&timezone=auto
[2026-09-20 12:25:38] [INFO] [climora:manifest.py:33] Manifest updated at C:\Users\Admin\Downloads\CLIMORA\data\manifest.json
[2026-09-20 12:25:47] [INFO] [climora:download_data.py:23] === Starting CLIMORA AI Data Ingestion (offline=False, verify_only=False) ===
[2026-09-20 12:25:47] [INFO] [climora:nasa_giss.py:37] Fetching NASA GISTEMP from network: https://data.giss.nasa.gov/gistemp/tabledata_v4/GLB.Ts+dSST.csv
[2026-09-20 12:26:07] [WARNING] [climora:nasa_giss.py:45] Standard requests GET failed: HTTPSConnectionPool(host='data.giss.nasa.gov', port=443): Max retries exceeded with url: /gistemp/tabledata_v4/GLB.Ts+dSST.csv (Caused by ConnectTimeoutError(<HTTPSConnection(host='data.giss.nasa.gov', port=443) at 0x2dbef45fad0>, 'Connection to data.giss.nasa.gov timed out. (connect timeout=20)')). Trying verify=False
[2026-09-20 12:26:28] [ERROR] [climora:download_data.py:33] Failed to process NASA GISTEMP: HTTPSConnectionPool(host='data.giss.nasa.gov', port=443): Max retries exceeded with url: /gistemp/tabledata_v4/GLB.Ts+dSST.csv (Caused by ConnectTimeoutError(<HTTPSConnection(host='data.giss.nasa.gov', port=443) at 0x2dbf1b21710>, 'Connection to data.giss.nasa.gov timed out. (connect timeout=20)'))
[2026-09-20 12:26:28] [INFO] [climora:noaa_gml.py:30] Reading NOAA CO2 from cache: C:\Users\Admin\Downloads\CLIMORA\data\raw\noaa\noaa_co2_raw.csv
[2026-09-20 12:26:28] [INFO] [climora:manifest.py:33] Manifest updated at C:\Users\Admin\Downloads\CLIMORA\data\manifest.json
[2026-09-20 12:26:28] [INFO] [climora:ersst_nino.py:29] Reading CPC ERSST Nino from cache: C:\Users\Admin\Downloads\CLIMORA\data\raw\noaa\ersst_nino_raw.ascii
[2026-09-20 12:26:28] [INFO] [climora:manifest.py:33] Manifest updated at C:\Users\Admin\Downloads\CLIMORA\data\manifest.json
[2026-09-20 12:26:28] [INFO] [climora:geojson.py:36] Reading GeoJSON 110m from cache: C:\Users\Admin\Downloads\CLIMORA\data\raw\geo\natural_earth_110m.geojson
[2026-09-20 12:26:28] [INFO] [climora:manifest.py:33] Manifest updated at C:\Users\Admin\Downloads\CLIMORA\data\manifest.json
[2026-09-20 12:26:28] [INFO] [climora:open_meteo.py:55] Reading Open-Meteo station 'Chennai' from cache: C:\Users\Admin\Downloads\CLIMORA\data\raw\openmeteo\openmeteo_chennai.json
[2026-09-20 12:26:28] [INFO] [climora:manifest.py:33] Manifest updated at C:\Users\Admin\Downloads\CLIMORA\data\manifest.json
[2026-09-20 12:27:06] [INFO] [climora:download_data.py:23] === Starting CLIMORA AI Data Ingestion (offline=False, verify_only=False) ===
[2026-09-20 12:27:06] [INFO] [climora:nasa_giss.py:37] Fetching NASA GISTEMP from network: https://data.giss.nasa.gov/gistemp/tabledata_v4/GLB.Ts+dSST.csv
[2026-09-20 12:27:11] [WARNING] [climora:nasa_giss.py:46] Network fetch failed for NASA GISTEMP: HTTPSConnectionPool(host='data.giss.nasa.gov', port=443): Max retries exceeded with url: /gistemp/tabledata_v4/GLB.Ts+dSST.csv (Caused by ConnectTimeoutError(<HTTPSConnection(host='data.giss.nasa.gov', port=443) at 0x1d00342ae90>, 'Connection to data.giss.nasa.gov timed out. (connect timeout=5)')). Checking sample fallback.
[2026-09-20 12:27:11] [INFO] [climora:manifest.py:33] Manifest updated at C:\Users\Admin\Downloads\CLIMORA\data\manifest.json
[2026-09-20 12:27:11] [INFO] [climora:noaa_gml.py:30] Reading NOAA CO2 from cache: C:\Users\Admin\Downloads\CLIMORA\data\raw\noaa\noaa_co2_raw.csv
[2026-09-20 12:27:11] [INFO] [climora:manifest.py:33] Manifest updated at C:\Users\Admin\Downloads\CLIMORA\data\manifest.json
[2026-09-20 12:27:11] [INFO] [climora:ersst_nino.py:29] Reading CPC ERSST Nino from cache: C:\Users\Admin\Downloads\CLIMORA\data\raw\noaa\ersst_nino_raw.ascii
[2026-09-20 12:27:11] [INFO] [climora:manifest.py:33] Manifest updated at C:\Users\Admin\Downloads\CLIMORA\data\manifest.json
[2026-09-20 12:27:11] [INFO] [climora:geojson.py:36] Reading GeoJSON 110m from cache: C:\Users\Admin\Downloads\CLIMORA\data\raw\geo\natural_earth_110m.geojson
[2026-09-20 12:27:11] [INFO] [climora:manifest.py:33] Manifest updated at C:\Users\Admin\Downloads\CLIMORA\data\manifest.json
[2026-09-20 12:27:11] [INFO] [climora:open_meteo.py:55] Reading Open-Meteo station 'Chennai' from cache: C:\Users\Admin\Downloads\CLIMORA\data\raw\openmeteo\openmeteo_chennai.json
[2026-09-20 12:27:11] [INFO] [climora:manifest.py:33] Manifest updated at C:\Users\Admin\Downloads\CLIMORA\data\manifest.json
[2026-09-20 12:27:26] [INFO] [climora:download_data.py:23] === Starting CLIMORA AI Data Ingestion (offline=False, verify_only=True) ===
[2026-09-20 12:27:26] [INFO] [climora:nasa_giss.py:31] Reading NASA GISTEMP from cache: C:\Users\Admin\Downloads\CLIMORA\data\raw\gistemp\gistemp_raw.csv
[2026-09-20 12:27:26] [INFO] [climora:manifest.py:33] Manifest updated at C:\Users\Admin\Downloads\CLIMORA\data\manifest.json
[2026-09-20 12:27:26] [INFO] [climora:noaa_gml.py:30] Reading NOAA CO2 from cache: C:\Users\Admin\Downloads\CLIMORA\data\raw\noaa\noaa_co2_raw.csv
[2026-09-20 12:27:26] [INFO] [climora:manifest.py:33] Manifest updated at C:\Users\Admin\Downloads\CLIMORA\data\manifest.json
[2026-09-20 12:27:26] [INFO] [climora:ersst_nino.py:29] Reading CPC ERSST Nino from cache: C:\Users\Admin\Downloads\CLIMORA\data\raw\noaa\ersst_nino_raw.ascii
[2026-09-20 12:27:26] [INFO] [climora:manifest.py:33] Manifest updated at C:\Users\Admin\Downloads\CLIMORA\data\manifest.json
[2026-09-20 12:27:26] [INFO] [climora:geojson.py:36] Reading GeoJSON 110m from cache: C:\Users\Admin\Downloads\CLIMORA\data\raw\geo\natural_earth_110m.geojson
[2026-09-20 12:27:27] [INFO] [climora:manifest.py:33] Manifest updated at C:\Users\Admin\Downloads\CLIMORA\data\manifest.json
[2026-09-20 12:27:27] [INFO] [climora:open_meteo.py:55] Reading Open-Meteo station 'Chennai' from cache: C:\Users\Admin\Downloads\CLIMORA\data\raw\openmeteo\openmeteo_chennai.json
[2026-09-20 12:27:27] [INFO] [climora:manifest.py:33] Manifest updated at C:\Users\Admin\Downloads\CLIMORA\data\manifest.json
[2026-09-20 12:34:11] [INFO] [climora:nasa_giss.py:27] Reading NASA GISTEMP from cache: C:\Users\Admin\Downloads\CLIMORA\data\raw\gistemp\gistemp_raw.csv
[2026-09-20 12:36:40] [INFO] [climora:train_models.py:19] === Starting CLIMORA AI Model Training (model_type=xgboost) ===
[2026-09-20 12:36:40] [INFO] [climora:nasa_giss.py:27] Reading NASA GISTEMP from cache: C:\Users\Admin\Downloads\CLIMORA\data\raw\gistemp\gistemp_raw.csv
[2026-09-20 12:36:41] [INFO] [climora:noaa_gml.py:29] Reading NOAA CO2 from cache: C:\Users\Admin\Downloads\CLIMORA\data\raw\noaa\noaa_co2_raw.csv
[2026-09-20 12:36:41] [INFO] [climora:ersst_nino.py:28] Reading CPC ERSST Nino from cache: C:\Users\Admin\Downloads\CLIMORA\data\raw\noaa\ersst_nino_raw.ascii
[2026-09-20 12:36:41] [INFO] [climora:train_models.py:30] Chronological Split: Train=1440, Val=180, Test=132
[2026-09-20 12:36:41] [INFO] [climora:artifacts.py:27] Saved metrics for seasonal_naive to C:\Users\Admin\Downloads\CLIMORA\models\metrics\seasonal_naive_metrics.json
[2026-09-20 12:36:41] [INFO] [climora:artifacts.py:27] Saved metrics for climatology to C:\Users\Admin\Downloads\CLIMORA\models\metrics\climatology_metrics.json
[2026-09-20 12:36:41] [INFO] [climora:train_models.py:63] Training XGBoost Climate Model...
[2026-09-20 12:36:41] [INFO] [climora:xgboost_model.py:84] XGBoost climate model training complete.
[2026-09-20 12:36:41] [INFO] [climora:xgboost_model.py:122] Saved XGBoost model artifacts to C:\Users\Admin\Downloads\CLIMORA\models\trained
[2026-09-20 12:36:41] [INFO] [climora:artifacts.py:27] Saved metrics for xgboost to C:\Users\Admin\Downloads\CLIMORA\models\metrics\xgboost_metrics.json
[2026-09-20 12:38:59] [INFO] [climora:train_models.py:19] === Starting CLIMORA AI Model Training (model_type=lightgbm) ===
[2026-09-20 12:38:59] [INFO] [climora:nasa_giss.py:27] Reading NASA GISTEMP from cache: C:\Users\Admin\Downloads\CLIMORA\data\raw\gistemp\gistemp_raw.csv
[2026-09-20 12:38:59] [INFO] [climora:noaa_gml.py:29] Reading NOAA CO2 from cache: C:\Users\Admin\Downloads\CLIMORA\data\raw\noaa\noaa_co2_raw.csv
[2026-09-20 12:38:59] [INFO] [climora:ersst_nino.py:28] Reading CPC ERSST Nino from cache: C:\Users\Admin\Downloads\CLIMORA\data\raw\noaa\ersst_nino_raw.ascii
[2026-09-20 12:38:59] [INFO] [climora:train_models.py:30] Chronological Split: Train=1440, Val=180, Test=132
[2026-09-20 12:38:59] [INFO] [climora:artifacts.py:27] Saved metrics for seasonal_naive to C:\Users\Admin\Downloads\CLIMORA\models\metrics\seasonal_naive_metrics.json
[2026-09-20 12:38:59] [INFO] [climora:artifacts.py:27] Saved metrics for climatology to C:\Users\Admin\Downloads\CLIMORA\models\metrics\climatology_metrics.json
[2026-09-20 12:38:59] [INFO] [climora:train_models.py:86] Training LightGBM Climate Model...
[2026-09-20 12:39:00] [INFO] [climora:lightgbm_model.py:91] LightGBM climate model training complete.
[2026-09-20 12:39:00] [INFO] [climora:lightgbm_model.py:134] Saved LightGBM model artifacts to C:\Users\Admin\Downloads\CLIMORA\models\trained
[2026-09-20 12:39:00] [INFO] [climora:artifacts.py:27] Saved metrics for lightgbm to C:\Users\Admin\Downloads\CLIMORA\models\metrics\lightgbm_metrics.json
[2026-09-20 12:43:36] [INFO] [climora:train_models.py:19] === Starting CLIMORA AI Model Training (model_type=lstm) ===
[2026-09-20 12:43:36] [INFO] [climora:nasa_giss.py:27] Reading NASA GISTEMP from cache: C:\Users\Admin\Downloads\CLIMORA\data\raw\gistemp\gistemp_raw.csv
[2026-09-20 12:43:36] [INFO] [climora:noaa_gml.py:29] Reading NOAA CO2 from cache: C:\Users\Admin\Downloads\CLIMORA\data\raw\noaa\noaa_co2_raw.csv
[2026-09-20 12:43:36] [INFO] [climora:ersst_nino.py:28] Reading CPC ERSST Nino from cache: C:\Users\Admin\Downloads\CLIMORA\data\raw\noaa\ersst_nino_raw.ascii
[2026-09-20 12:43:36] [INFO] [climora:train_models.py:30] Chronological Split: Train=1440, Val=180, Test=132
[2026-09-20 12:43:36] [INFO] [climora:artifacts.py:27] Saved metrics for seasonal_naive to C:\Users\Admin\Downloads\CLIMORA\models\metrics\seasonal_naive_metrics.json
[2026-09-20 12:43:36] [INFO] [climora:artifacts.py:27] Saved metrics for climatology to C:\Users\Admin\Downloads\CLIMORA\models\metrics\climatology_metrics.json
[2026-09-20 12:43:37] [INFO] [climora:train_models.py:108] Training PyTorch LSTM Climate Model...
[2026-09-20 12:43:47] [INFO] [climora:lstm_model.py:170] PyTorch LSTM training complete.
[2026-09-20 12:43:47] [INFO] [climora:lstm_model.py:237] Saved PyTorch LSTM model artifacts to C:\Users\Admin\Downloads\CLIMORA\models\trained
[2026-09-20 12:43:47] [INFO] [climora:artifacts.py:27] Saved metrics for lstm to C:\Users\Admin\Downloads\CLIMORA\models\metrics\lstm_metrics.json
[2026-09-20 13:46:35] [INFO] [climora:train_models.py:19] === Starting CLIMORA AI Model Training (model_type=all) ===
[2026-09-20 13:46:35] [INFO] [climora:nasa_giss.py:27] Reading NASA GISTEMP from cache: C:\Users\Admin\Downloads\CLIMORA\data\raw\gistemp\gistemp_raw.csv
[2026-09-20 13:46:35] [INFO] [climora:noaa_gml.py:29] Reading NOAA CO2 from cache: C:\Users\Admin\Downloads\CLIMORA\data\raw\noaa\noaa_co2_raw.csv
[2026-09-20 13:46:35] [INFO] [climora:ersst_nino.py:28] Reading CPC ERSST Nino from cache: C:\Users\Admin\Downloads\CLIMORA\data\raw\noaa\ersst_nino_raw.ascii
[2026-09-20 13:46:35] [INFO] [climora:train_models.py:30] Chronological Split: Train=1440, Val=180, Test=132
[2026-09-20 13:46:35] [INFO] [climora:artifacts.py:27] Saved metrics for seasonal_naive to C:\Users\Admin\Downloads\CLIMORA\models\metrics\seasonal_naive_metrics.json
[2026-09-20 13:46:35] [INFO] [climora:artifacts.py:27] Saved metrics for climatology to C:\Users\Admin\Downloads\CLIMORA\models\metrics\climatology_metrics.json
[2026-09-20 13:46:35] [INFO] [climora:train_models.py:63] Training XGBoost Climate Model...
[2026-09-20 13:46:36] [INFO] [climora:xgboost_model.py:84] XGBoost climate model training complete.
[2026-09-20 13:46:36] [INFO] [climora:xgboost_model.py:122] Saved XGBoost model artifacts to C:\Users\Admin\Downloads\CLIMORA\models\trained
[2026-09-20 13:46:36] [INFO] [climora:artifacts.py:27] Saved metrics for xgboost to C:\Users\Admin\Downloads\CLIMORA\models\metrics\xgboost_metrics.json
[2026-09-20 13:46:36] [INFO] [climora:train_models.py:86] Training LightGBM Climate Model...
[2026-09-20 13:46:36] [INFO] [climora:lightgbm_model.py:91] LightGBM climate model training complete.
[2026-09-20 13:46:36] [INFO] [climora:lightgbm_model.py:134] Saved LightGBM model artifacts to C:\Users\Admin\Downloads\CLIMORA\models\trained
[2026-09-20 13:46:36] [INFO] [climora:artifacts.py:27] Saved metrics for lightgbm to C:\Users\Admin\Downloads\CLIMORA\models\metrics\lightgbm_metrics.json
[2026-09-20 13:46:38] [INFO] [climora:train_models.py:108] Training PyTorch LSTM Climate Model...
[2026-09-20 13:47:08] [INFO] [climora:lstm_model.py:170] PyTorch LSTM training complete.
[2026-09-20 13:47:08] [INFO] [climora:lstm_model.py:237] Saved PyTorch LSTM model artifacts to C:\Users\Admin\Downloads\CLIMORA\models\trained
[2026-09-20 13:47:08] [INFO] [climora:artifacts.py:27] Saved metrics for lstm to C:\Users\Admin\Downloads\CLIMORA\models\metrics\lstm_metrics.json
